// Jest Snapshot v1, https://goo.gl/fbAQLP

exports[`<Main /> should render the heading 1`] = `
<main
  class="styles__Wrapper-sc-dzx1ao-0 bCNzV"
>
  <img
    alt="Logo do Projeto"
    class="styles__Logo-sc-dzx1ao-1 fqmfdP"
    src="vercel.svg"
  />
  <h1
    class="styles__Title-sc-dzx1ao-2 iwViSR"
  >
    React Avan√ßado
  </h1>
  <h2
    class="styles__Description-sc-dzx1ao-3 filQvO"
  >
    TypeScript, ReactJS, NextJS e Styled Components
  </h2>
</main>
`;
